This is pdfTeX, Version 3.141592653-2.6-1.40.22 (TeX Live 2021) (preloaded format=pdflatex 2021.11.5)  24 SEP 2026 12:29
entering extended mode
 restricted \write18 enabled.
 %&-line parsing enabled.
**cv_cantore_ita.tex
(./cv_cantore_ita.tex
LaTeX2e <2020-10-01> patch level 4
L3 programming layer <2021-02-18>
(/usr/local/texlive/2021/texmf-dist/tex/latex/base/article.cls
Document Class: article 2020/04/10 v1.4m Standard LaTeX document class
(/usr/local/texlive/2021/texmf-dist/tex/latex/base/size10.clo
File: size10.clo 2020/04/10 v1.4m Standard LaTeX file (size option)
)
\c@part=\count179
\c@section=\count180
\c@subsection=\count181
\c@subsubsection=\count182
\c@paragraph=\count183
\c@subparagraph=\count184
\c@figure=\count185
\c@table=\count186
\abovecaptionskip=\skip47
\belowcaptionskip=\skip48
\bibindent=\dimen138
)
(/usr/local/texlive/2021/texmf-dist/tex/latex/geometry/geometry.sty
Package: geometry 2020/01/02 v5.9 Page Geometry

(/usr/local/texlive/2021/texmf-dist/tex/latex/graphics/keyval.sty
Package: keyval 2014/10/28 v1.15 key=value parser (DPC)
\KV@toks@=\toks15
)
(/usr/local/texlive/2021/texmf-dist/tex/generic/iftex/ifvtex.sty
Package: ifvtex 2019/10/25 v1.7 ifvtex legacy package. Use iftex instead.

(/usr/local/texlive/2021/texmf-dist/tex/generic/iftex/iftex.sty
Package: iftex 2020/03/06 v1.0d TeX engine tests
))
\Gm@cnth=\count187
\Gm@cntv=\count188
\c@Gm@tempcnt=\count189
\Gm@bindingoffset=\dimen139
\Gm@wd@mp=\dimen140
\Gm@odd@mp=\dimen141
\Gm@even@mp=\dimen142
\Gm@layoutwidth=\dimen143
\Gm@layoutheight=\dimen144
\Gm@layouthoffset=\dimen145
\Gm@layoutvoffset=\dimen146
\Gm@dimlist=\toks16
)
(/usr/local/texlive/2021/texmf-dist/tex/latex/comment/comment.sty
\CommentStream=\write3

Excluding comment 'comment')
(/usr/local/texlive/2021/texmf-dist/tex/latex/hyperref/hyperref.sty
Package: hyperref 2021-02-27 v7.00k Hypertext links for LaTeX

(/usr/local/texlive/2021/texmf-dist/tex/generic/ltxcmds/ltxcmds.sty
Package: ltxcmds 2020-05-10 v1.25 LaTeX kernel commands for general use (HO)
)
(/usr/local/texlive/2021/texmf-dist/tex/generic/pdftexcmds/pdftexcmds.sty
Package: pdftexcmds 2020-06-27 v0.33 Utility functions of pdfTeX for LuaTeX (HO
)

(/usr/local/texlive/2021/texmf-dist/tex/generic/infwarerr/infwarerr.sty
Package: infwarerr 2019/12/03 v1.5 Providing info/warning/error messages (HO)
)
Package pdftexcmds Info: \pdf@primitive is available.
Package pdftexcmds Info: \pdf@ifprimitive is available.
Package pdftexcmds Info: \pdfdraftmode found.
)
(/usr/local/texlive/2021/texmf-dist/tex/generic/kvsetkeys/kvsetkeys.sty
Package: kvsetkeys 2019/12/15 v1.18 Key value parser (HO)
)
(/usr/local/texlive/2021/texmf-dist/tex/generic/kvdefinekeys/kvdefinekeys.sty
Package: kvdefinekeys 2019-12-19 v1.6 Define keys (HO)
)
(/usr/local/texlive/2021/texmf-dist/tex/generic/pdfescape/pdfescape.sty
Package: pdfescape 2019/12/09 v1.15 Implements pdfTeX's escape features (HO)
)
(/usr/local/texlive/2021/texmf-dist/tex/latex/hycolor/hycolor.sty
Package: hycolor 2020-01-27 v1.10 Color options for hyperref/bookmark (HO)
)
(/usr/local/texlive/2021/texmf-dist/tex/latex/letltxmacro/letltxmacro.sty
Package: letltxmacro 2019/12/03 v1.6 Let assignment for LaTeX macros (HO)
)
(/usr/local/texlive/2021/texmf-dist/tex/latex/auxhook/auxhook.sty
Package: auxhook 2019-12-17 v1.6 Hooks for auxiliary files (HO)
)
(/usr/local/texlive/2021/texmf-dist/tex/latex/kvoptions/kvoptions.sty
Package: kvoptions 2020-10-07 v3.14 Key value format for package options (HO)
)
\@linkdim=\dimen147
\Hy@linkcounter=\count190
\Hy@pagecounter=\count191

(/usr/local/texlive/2021/texmf-dist/tex/latex/hyperref/pd1enc.def
File: pd1enc.def 2021-02-27 v7.00k Hyperref: PDFDocEncoding definition (HO)
Now handling font encoding PD1 ...
... no UTF-8 mapping file for font encoding PD1
)
(/usr/local/texlive/2021/texmf-dist/tex/latex/hyperref/hyperref-langpatches.def
File: hyperref-langpatches.def 2021-02-27 v7.00k Hyperref: patches for babel la
nguages
) (/usr/local/texlive/2021/texmf-dist/tex/generic/intcalc/intcalc.sty
Package: intcalc 2019/12/15 v1.3 Expandable calculations with integers (HO)
)
(/usr/local/texlive/2021/texmf-dist/tex/generic/etexcmds/etexcmds.sty
Package: etexcmds 2019/12/15 v1.7 Avoid name clashes with e-TeX commands (HO)
)
\Hy@SavedSpaceFactor=\count192

(/usr/local/texlive/2021/texmf-dist/tex/latex/hyperref/puenc.def
File: puenc.def 2021-02-27 v7.00k Hyperref: PDF Unicode definition (HO)
Now handling font encoding PU ...
... no UTF-8 mapping file for font encoding PU
)
Package hyperref Info: Option `colorlinks' set `true' on input line 4073.
Package hyperref Info: Hyper figures OFF on input line 4192.
Package hyperref Info: Link nesting OFF on input line 4197.
Package hyperref Info: Hyper index ON on input line 4200.
Package hyperref Info: Plain pages OFF on input line 4207.
Package hyperref Info: Backreferencing OFF on input line 4212.
Package hyperref Info: Implicit mode ON; LaTeX internals redefined.
Package hyperref Info: Bookmarks ON on input line 4445.
\c@Hy@tempcnt=\count193

(/usr/local/texlive/2021/texmf-dist/tex/latex/url/url.sty
\Urlmuskip=\muskip16
Package: url 2013/09/16  ver 3.4  Verb mode for urls, etc.
)
LaTeX Info: Redefining \url on input line 4804.
\XeTeXLinkMargin=\dimen148

(/usr/local/texlive/2021/texmf-dist/tex/generic/bitset/bitset.sty
Package: bitset 2019/12/09 v1.3 Handle bit-vector datatype (HO)

(/usr/local/texlive/2021/texmf-dist/tex/generic/bigintcalc/bigintcalc.sty
Package: bigintcalc 2019/12/15 v1.5 Expandable calculations on big integers (HO
)
))
\Fld@menulength=\count194
\Field@Width=\dimen149
\Fld@charsize=\dimen150
Package hyperref Info: Hyper figures OFF on input line 6075.
Package hyperref Info: Link nesting OFF on input line 6080.
Package hyperref Info: Hyper index ON on input line 6083.
Package hyperref Info: backreferencing OFF on input line 6090.
Package hyperref Info: Link coloring ON on input line 6093.
Package hyperref Info: Link coloring with OCG OFF on input line 6100.
Package hyperref Info: PDF/A mode OFF on input line 6105.
LaTeX Info: Redefining \ref on input line 6145.
LaTeX Info: Redefining \pageref on input line 6149.

(/usr/local/texlive/2021/texmf-dist/tex/latex/base/atbegshi-ltx.sty
Package: atbegshi-ltx 2020/08/17 v1.0a Emulation of the original atbegshi packa
ge
with kernel methods
)
\Hy@abspage=\count195
\c@Item=\count196
\c@Hfootnote=\count197
)
Package hyperref Info: Driver (autodetected): hpdftex.

(/usr/local/texlive/2021/texmf-dist/tex/latex/hyperref/hpdftex.def
File: hpdftex.def 2021-02-27 v7.00k Hyperref driver for pdfTeX

(/usr/local/texlive/2021/texmf-dist/tex/latex/base/atveryend-ltx.sty
Package: atveryend-ltx 2020/08/19 v1.0a Emulation of the original atvery packag
e
with kernel methods
)
\Fld@listcount=\count198
\c@bookmark@seq@number=\count199

(/usr/local/texlive/2021/texmf-dist/tex/latex/rerunfilecheck/rerunfilecheck.sty
Package: rerunfilecheck 2019/12/05 v1.9 Rerun checks for auxiliary files (HO)

(/usr/local/texlive/2021/texmf-dist/tex/generic/uniquecounter/uniquecounter.sty
Package: uniquecounter 2019/12/15 v1.4 Provide unlimited unique counter (HO)
)
Package uniquecounter Info: New unique counter `rerunfilecheck' on input line 2
86.
)
\Hy@SectionHShift=\skip49
) (/usr/local/texlive/2021/texmf-dist/tex/latex/psnfss/times.sty
Package: times 2020/03/25 PSNFSS-v9.3 (SPQR) 
)
(/usr/local/texlive/2021/texmf-dist/tex/latex/amsmath/amsmath.sty
Package: amsmath 2020/09/23 v2.17i AMS math features
\@mathmargin=\skip50

For additional information on amsmath, use the `?' option.
(/usr/local/texlive/2021/texmf-dist/tex/latex/amsmath/amstext.sty
Package: amstext 2000/06/29 v2.01 AMS text

(/usr/local/texlive/2021/texmf-dist/tex/latex/amsmath/amsgen.sty
File: amsgen.sty 1999/11/30 v2.0 generic functions
\@emptytoks=\toks17
\ex@=\dimen151
))
(/usr/local/texlive/2021/texmf-dist/tex/latex/amsmath/amsbsy.sty
Package: amsbsy 1999/11/29 v1.2d Bold Symbols
\pmbraise@=\dimen152
)
(/usr/local/texlive/2021/texmf-dist/tex/latex/amsmath/amsopn.sty
Package: amsopn 2016/03/08 v2.02 operator names
)
\inf@bad=\count266
LaTeX Info: Redefining \frac on input line 234.
\uproot@=\count267
\leftroot@=\count268
LaTeX Info: Redefining \overline on input line 399.
\classnum@=\count269
\DOTSCASE@=\count270
LaTeX Info: Redefining \ldots on input line 496.
LaTeX Info: Redefining \dots on input line 499.
LaTeX Info: Redefining \cdots on input line 620.
\Mathstrutbox@=\box47
\strutbox@=\box48
\big@size=\dimen153
LaTeX Font Info:    Redeclaring font encoding OML on input line 743.
LaTeX Font Info:    Redeclaring font encoding OMS on input line 744.
\macc@depth=\count271
\c@MaxMatrixCols=\count272
\dotsspace@=\muskip17
\c@parentequation=\count273
\dspbrk@lvl=\count274
\tag@help=\toks18
\row@=\count275
\column@=\count276
\maxfields@=\count277
\andhelp@=\toks19
\eqnshift@=\dimen154
\alignsep@=\dimen155
\tagshift@=\dimen156
\tagwidth@=\dimen157
\totwidth@=\dimen158
\lineht@=\dimen159
\@envbody=\toks20
\multlinegap=\skip51
\multlinetaggap=\skip52
\mathdisplay@stack=\toks21
LaTeX Info: Redefining \[ on input line 2923.
LaTeX Info: Redefining \] on input line 2924.
)
(/usr/local/texlive/2021/texmf-dist/tex/latex/eurosym/eurosym.sty
Package: eurosym 1998/08/06 v1.1 European currency symbol ``Euro''
\@eurobox=\box49
)
Package hyperref Info: Option `draft' set `true' on input line 8.
LaTeX Font Info:    Trying to load font information for OT1+ptm on input line 1
2.

(/usr/local/texlive/2021/texmf-dist/tex/latex/psnfss/ot1ptm.fd
File: ot1ptm.fd 2001/06/04 font definitions for OT1/ptm.
)
(/usr/local/texlive/2021/texmf-dist/tex/latex/l3backend/l3backend-pdftex.def
File: l3backend-pdftex.def 2021-03-18 L3 backend support: PDF output (pdfTeX)
\l__color_backend_stack_int=\count278
\l__pdf_internal_box=\box50
)

LaTeX Warning: Unused global option(s):
    [10p].

(./cv_cantore_ita.aux)
\openout1 = `cv_cantore_ita.aux'.

LaTeX Font Info:    Checking defaults for OML/cmm/m/it on input line 12.
LaTeX Font Info:    ... okay on input line 12.
LaTeX Font Info:    Checking defaults for OMS/cmsy/m/n on input line 12.
LaTeX Font Info:    ... okay on input line 12.
LaTeX Font Info:    Checking defaults for OT1/cmr/m/n on input line 12.
LaTeX Font Info:    ... okay on input line 12.
LaTeX Font Info:    Checking defaults for T1/cmr/m/n on input line 12.
LaTeX Font Info:    ... okay on input line 12.
LaTeX Font Info:    Checking defaults for TS1/cmr/m/n on input line 12.
LaTeX Font Info:    ... okay on input line 12.
LaTeX Font Info:    Checking defaults for OMX/cmex/m/n on input line 12.
LaTeX Font Info:    ... okay on input line 12.
LaTeX Font Info:    Checking defaults for U/cmr/m/n on input line 12.
LaTeX Font Info:    ... okay on input line 12.
LaTeX Font Info:    Checking defaults for PD1/pdf/m/n on input line 12.
LaTeX Font Info:    ... okay on input line 12.
LaTeX Font Info:    Checking defaults for PU/pdf/m/n on input line 12.
LaTeX Font Info:    ... okay on input line 12.

*geometry* driver: auto-detecting
*geometry* detected driver: pdftex
*geometry* verbose mode - [ preamble ] result:
* driver: pdftex
* paper: a4paper
* layout: <same size as paper>
* layoutoffset:(h,v)=(0.0pt,0.0pt)
* modes: 
* h-part:(L,W,R)=(72.26999pt, 452.9679pt, 72.26999pt)
* v-part:(T,H,B)=(72.26999pt, 700.50687pt, 72.26999pt)
* \paperwidth=597.50787pt
* \paperheight=845.04684pt
* \textwidth=452.9679pt
* \textheight=700.50687pt
* \oddsidemargin=0.0pt
* \evensidemargin=0.0pt
* \topmargin=-37.0pt
* \headheight=12.0pt
* \headsep=25.0pt
* \topskip=10.0pt
* \footskip=30.0pt
* \marginparwidth=65.0pt
* \marginparsep=11.0pt
* \columnsep=10.0pt
* \skip\footins=9.0pt plus 4.0pt minus 2.0pt
* \hoffset=0.0pt
* \voffset=0.0pt
* \mag=1000
* \@twocolumnfalse
* \@twosidefalse
* \@mparswitchfalse
* \@reversemarginfalse
* (1in=72.27pt=25.4mm, 1cm=28.453pt)


Package hyperref Warning: Draft mode on.

(/usr/local/texlive/2021/texmf-dist/tex/latex/graphics/color.sty
Package: color 2020/02/24 v1.2b Standard LaTeX Color (DPC)

(/usr/local/texlive/2021/texmf-dist/tex/latex/graphics-cfg/color.cfg
File: color.cfg 2016/01/02 v1.6 sample color configuration
)
Package color Info: Driver file: pdftex.def on input line 147.

(/usr/local/texlive/2021/texmf-dist/tex/latex/graphics-def/pdftex.def
File: pdftex.def 2020/10/05 v1.2a Graphics/color driver for pdftex

(/usr/local/texlive/2021/texmf-dist/tex/context/base/mkii/supp-pdf.mkii
[Loading MPS to PDF converter (version 2006.09.02).]
\scratchcounter=\count279
\scratchdimen=\dimen160
\scratchbox=\box51
\nofMPsegments=\count280
\nofMParguments=\count281
\everyMPshowfont=\toks22
\MPscratchCnt=\count282
\MPscratchDim=\dimen161
\MPnumerator=\count283
\makeMPintoPDFobject=\count284
\everyMPtoPDFconversion=\toks23
)))
Package hyperref Info: Link coloring ON on input line 12.
 (/usr/local/texlive/2021/texmf-dist/tex/latex/hyperref/nameref.sty
Package: nameref 2021-04-02 v2.47 Cross-referencing by name of section

(/usr/local/texlive/2021/texmf-dist/tex/latex/refcount/refcount.sty
Package: refcount 2019/12/15 v3.6 Data extraction from label references (HO)
)
(/usr/local/texlive/2021/texmf-dist/tex/generic/gettitlestring/gettitlestring.s
ty
Package: gettitlestring 2019/12/15 v1.6 Cleanup title references (HO)
)
\c@section@level=\count285
)
LaTeX Info: Redefining \ref on input line 12.
LaTeX Info: Redefining \pageref on input line 12.
LaTeX Info: Redefining \nameref on input line 12.
LaTeX Font Info:    Trying to load font information for OT1+pcr on input line 4
8.
 (/usr/local/texlive/2021/texmf-dist/tex/latex/psnfss/ot1pcr.fd
File: ot1pcr.fd 2001/06/04 font definitions for OT1/pcr.
)
LaTeX Font Info:    Trying to load font information for TS1+ptm on input line 3
86.

(/usr/local/texlive/2021/texmf-dist/tex/latex/psnfss/ts1ptm.fd
File: ts1ptm.fd 2001/06/04 font definitions for TS1/ptm.
)
Underfull \hbox (badness 10000) in paragraph at lines 48--484

 []


Underfull \hbox (badness 10000) in paragraph at lines 48--484

 []


Underfull \hbox (badness 10000) in paragraph at lines 48--484

 []


Underfull \hbox (badness 10000) in paragraph at lines 48--484

 []


Underfull \hbox (badness 10000) in paragraph at lines 48--484

 []


Underfull \hbox (badness 10000) in paragraph at lines 48--484

 []


Underfull \hbox (badness 10000) in paragraph at lines 48--484

 []


Underfull \hbox (badness 10000) in paragraph at lines 48--484

 []


Underfull \hbox (badness 10000) in paragraph at lines 48--484

 []


Overfull \hbox (0.8983pt too wide) in paragraph at lines 48--484
\OT1/ptm/m/n/10 -\OT1/ptm/m/it/10 Agosto 2018-Febbraio 2023\OT1/ptm/m/n/10 : \O
T1/ptm/b/n/10 'Reader' in Scienze Eco-nomiche, presso Uni-ver-sity of Sur-rey, 
Guild-ford (Regno
 []


Underfull \hbox (badness 10000) in paragraph at lines 48--484

 []


Underfull \hbox (badness 10000) in paragraph at lines 48--484

 []


Underfull \hbox (badness 10000) in paragraph at lines 48--484

 []


Underfull \hbox (badness 10000) in paragraph at lines 48--484

 []


Underfull \hbox (badness 10000) in paragraph at lines 48--484

 []


Underfull \hbox (badness 10000) in paragraph at lines 48--484

 []


Underfull \hbox (badness 10000) in paragraph at lines 48--484

 []


Underfull \hbox (badness 10000) in paragraph at lines 48--484

 []


Underfull \hbox (badness 10000) in paragraph at lines 48--484

 []


Overfull \hbox (4.3675pt too wide) in paragraph at lines 48--484
\OT1/ptm/m/n/10 -\OT1/ptm/m/it/10 Agosto-Ottobre 2008\OT1/ptm/m/n/10 : \OT1/ptm
/b/n/10 Tirocinio presso Banca Cen-trale Eu-ro-pea, DG Econo-mia, Di-vi-sione "
Sviluppo Macroe-
 []


Underfull \hbox (badness 10000) in paragraph at lines 48--484

 []


Underfull \hbox (badness 10000) in paragraph at lines 48--484

 []


Underfull \hbox (badness 10000) in paragraph at lines 48--484

 []


Underfull \hbox (badness 10000) in paragraph at lines 48--484

 []


Underfull \hbox (badness 10000) in paragraph at lines 48--484

 []


Underfull \hbox (badness 10000) in paragraph at lines 48--484

 []


Underfull \hbox (badness 10000) in paragraph at lines 48--484

 []


Underfull \hbox (badness 10000) in paragraph at lines 48--484

 []


Underfull \hbox (badness 10000) in paragraph at lines 48--484

 []


Underfull \hbox (badness 10000) in paragraph at lines 48--484

 []


Underfull \hbox (badness 10000) in paragraph at lines 48--484

 []


Underfull \hbox (badness 10000) in paragraph at lines 48--484

 []


Underfull \hbox (badness 10000) in paragraph at lines 48--484

 []


Underfull \hbox (badness 10000) in paragraph at lines 48--484

 []


Underfull \hbox (badness 10000) in paragraph at lines 48--484

 []


Underfull \hbox (badness 10000) in paragraph at lines 48--484

 []


Underfull \hbox (badness 10000) in paragraph at lines 48--484

 []


Underfull \hbox (badness 10000) in paragraph at lines 48--484

 []


Underfull \hbox (badness 10000) in paragraph at lines 48--484

 []


Underfull \hbox (badness 10000) in paragraph at lines 48--484

 []


Underfull \hbox (badness 10000) in paragraph at lines 48--484

 []


Underfull \hbox (badness 10000) in paragraph at lines 48--484

 []


Underfull \hbox (badness 10000) in paragraph at lines 48--484

 []


Underfull \hbox (badness 10000) in paragraph at lines 48--484

 []


Underfull \hbox (badness 10000) in paragraph at lines 48--484

 []


Underfull \hbox (badness 10000) in paragraph at lines 48--484

 []


Underfull \hbox (badness 10000) in paragraph at lines 48--484

 []


Underfull \hbox (badness 10000) in paragraph at lines 48--484

 []


Underfull \hbox (badness 10000) in paragraph at lines 48--484

 []


Underfull \hbox (badness 10000) in paragraph at lines 48--484

 []


Underfull \hbox (badness 10000) in paragraph at lines 48--484

 []


Underfull \hbox (badness 10000) in paragraph at lines 48--484

 []


Underfull \hbox (badness 10000) in paragraph at lines 48--484

 []


Underfull \hbox (badness 10000) in paragraph at lines 48--484

 []


Underfull \hbox (badness 10000) in paragraph at lines 48--484

 []


Underfull \hbox (badness 10000) in paragraph at lines 48--484

 []


Underfull \hbox (badness 10000) in paragraph at lines 48--484

 []


Underfull \hbox (badness 10000) in paragraph at lines 48--484

 []


Underfull \hbox (badness 10000) in paragraph at lines 48--484

 []


Underfull \hbox (badness 10000) in paragraph at lines 48--484

 []


Underfull \hbox (badness 10000) in paragraph at lines 48--484

 []


Underfull \hbox (badness 10000) in paragraph at lines 48--484

 []


Underfull \hbox (badness 10000) in paragraph at lines 48--484

 []


Underfull \hbox (badness 10000) in paragraph at lines 48--484

 []


Underfull \hbox (badness 10000) in paragraph at lines 48--484

 []


Underfull \hbox (badness 10000) in paragraph at lines 48--484

 []


Underfull \hbox (badness 10000) in paragraph at lines 48--484

 []


Underfull \hbox (badness 10000) in paragraph at lines 48--484

 []


Underfull \hbox (badness 10000) in paragraph at lines 48--484

 []


Underfull \hbox (badness 10000) in paragraph at lines 48--484

 []


Underfull \hbox (badness 10000) in paragraph at lines 48--484

 []


Underfull \hbox (badness 10000) in paragraph at lines 48--484

 []


Underfull \hbox (badness 10000) in paragraph at lines 48--484

 []


Underfull \hbox (badness 10000) in paragraph at lines 48--484

 []


Underfull \hbox (badness 10000) in paragraph at lines 48--484

 []


Underfull \hbox (badness 10000) in paragraph at lines 48--484

 []


Underfull \hbox (badness 10000) in paragraph at lines 48--484

 []


Underfull \hbox (badness 10000) in paragraph at lines 48--484

 []


Underfull \hbox (badness 10000) in paragraph at lines 48--484

 []


Underfull \hbox (badness 10000) in paragraph at lines 48--484

 []


Underfull \hbox (badness 10000) in paragraph at lines 48--484

 []


Underfull \hbox (badness 10000) in paragraph at lines 48--484

 []


Underfull \hbox (badness 10000) in paragraph at lines 48--484

 []


Underfull \hbox (badness 10000) in paragraph at lines 48--484

 []


Underfull \hbox (badness 10000) in paragraph at lines 48--484

 []


Underfull \hbox (badness 10000) in paragraph at lines 48--484

 []


Underfull \hbox (badness 10000) in paragraph at lines 48--484

 []


Underfull \hbox (badness 10000) in paragraph at lines 48--484

 []


Underfull \hbox (badness 10000) in paragraph at lines 48--484

 []


Underfull \hbox (badness 10000) in paragraph at lines 48--484

 []


Underfull \hbox (badness 10000) in paragraph at lines 48--484

 []


Underfull \hbox (badness 10000) in paragraph at lines 48--484

 []


Underfull \hbox (badness 10000) in paragraph at lines 48--484

 []


Overfull \hbox (4.6278pt too wide) in paragraph at lines 48--484
\OT1/ptm/m/n/10 nomic Mod-elling and Model Com-par-i-son MMCN, Goethe Uni-ver-s
ity, Fran-co-forte (Ger-ma-nia); Banca d'Inghilterra,
 []


Overfull \hbox (0.33809pt too wide) in paragraph at lines 48--484
\OT1/ptm/b/n/10 2011: \OT1/ptm/m/n/10 NIPFP, New Delhi; Struc-tural Change and 
Macroe-co-nomic Per-for-mance work-shop at Uni-ver-sity of Cagliari. 
 []


Underfull \hbox (badness 10000) in paragraph at lines 48--484

 []


Underfull \hbox (badness 10000) in paragraph at lines 48--484

 []


Underfull \hbox (badness 10000) in paragraph at lines 48--484

 []


Underfull \hbox (badness 10000) in paragraph at lines 48--484

 []


Underfull \hbox (badness 10000) in paragraph at lines 48--484

 []


Underfull \hbox (badness 10000) in paragraph at lines 48--484

 []


Underfull \hbox (badness 10000) in paragraph at lines 48--484

 []


Overfull \hbox (8.5776pt too wide) in paragraph at lines 48--484
\OT1/ptm/m/n/10 Italiano (madrelin-gua), In-glese (ot-tima conoscenza), Spag-no
lo (ot-tima conoscenza), Por-togh-ese (buona conoscenza); 
 []


Underfull \hbox (badness 10000) in paragraph at lines 48--484

 []


Underfull \hbox (badness 10000) in paragraph at lines 48--484

 []


Underfull \hbox (badness 10000) in paragraph at lines 48--484

 []


Underfull \hbox (badness 10000) in paragraph at lines 48--484

 []

[1

{/usr/local/texlive/2021/texmf-var/fonts/map/pdftex/updmap/pdftex.map}]
[2] [3] [4] [5] [6] [7] [8] [9] [10] (./cv_cantore_ita.aux) ) 
Here is how much of TeX's memory you used:
 8751 strings out of 478994
 128396 string characters out of 5858184
 499813 words of memory out of 5000000
 26138 multiletter control sequences out of 15000+600000
 415072 words of font info for 46 fonts, out of 8000000 for 9000
 1141 hyphenation exceptions out of 8191
 71i,5n,74p,1251b,328s stack positions out of 5000i,500n,10000p,200000b,80000s
{/usr/local/texliv
e/2021/texmf-dist/fonts/enc/dvips/base/8r.enc}</usr/local/texlive/2021/texmf-di
st/fonts/type1/public/amsfonts/cm/cmmi7.pfb></usr/local/texlive/2021/texmf-dist
/fonts/type1/public/amsfonts/cm/cmr10.pfb></usr/local/texlive/2021/texmf-dist/f
onts/type1/public/eurosym/feymr10.pfb></usr/local/texlive/2021/texmf-dist/fonts
/type1/urw/courier/ucrr8a.pfb></usr/local/texlive/2021/texmf-dist/fonts/type1/u
rw/times/utmb8a.pfb></usr/local/texlive/2021/texmf-dist/fonts/type1/urw/times/u
tmbi8a.pfb></usr/local/texlive/2021/texmf-dist/fonts/type1/urw/times/utmr8a.pfb
></usr/local/texlive/2021/texmf-dist/fonts/type1/urw/times/utmri8a.pfb>
Output written on cv_cantore_ita.pdf (10 pages, 127330 bytes).
PDF statistics:
 70 PDF objects out of 1000 (max. 8388607)
 49 compressed objects within 1 object stream
 0 named destinations out of 1000 (max. 500000)
 1 words of extra memory for PDF output out of 10000 (max. 10000000)

